// Jest Snapshot v1, https://goo.gl/fbAQLP

exports[`Deck should create snapshot 1`] = `
ShallowWrapper {
  Symbol(enzyme.__root__): [Circular],
  Symbol(enzyme.__unrendered__): <Deck
    cardInfo={
      Object {
        "people": Array [
          Object {
            "homeworld": "Tatooine",
            "language": "Galactic Basic",
            "name": "Luke Skywalker",
            "population": "200000",
            "species": "Human",
          },
        ],
      }
    }
  />,
  Symbol(enzyme.__renderer__): Object {
    "batchedUpdates": [Function],
    "checkPropTypes": [Function],
    "getNode": [Function],
    "render": [Function],
    "simulateError": [Function],
    "simulateEvent": [Function],
    "unmount": [Function],
  },
  Symbol(enzyme.__node__): Object {
    "instance": null,
    "key": undefined,
    "nodeType": "host",
    "props": Object {
      "children": Array [
        <Card
          personInfo={
            Object {
              "homeworld": "Tatooine",
              "language": "Galactic Basic",
              "name": "Luke Skywalker",
              "population": "200000",
              "species": "Human",
            }
          }
        />,
      ],
    },
    "ref": null,
    "rendered": Array [
      Object {
        "instance": null,
        "key": "Luke Skywalker",
        "nodeType": "function",
        "props": Object {
          "personInfo": Object {
            "homeworld": "Tatooine",
            "language": "Galactic Basic",
            "name": "Luke Skywalker",
            "population": "200000",
            "species": "Human",
          },
        },
        "ref": null,
        "rendered": null,
        "type": [Function],
      },
    ],
    "type": "div",
  },
  Symbol(enzyme.__nodes__): Array [
    Object {
      "instance": null,
      "key": undefined,
      "nodeType": "host",
      "props": Object {
        "children": Array [
          <Card
            personInfo={
              Object {
                "homeworld": "Tatooine",
                "language": "Galactic Basic",
                "name": "Luke Skywalker",
                "population": "200000",
                "species": "Human",
              }
            }
          />,
        ],
      },
      "ref": null,
      "rendered": Array [
        Object {
          "instance": null,
          "key": "Luke Skywalker",
          "nodeType": "function",
          "props": Object {
            "personInfo": Object {
              "homeworld": "Tatooine",
              "language": "Galactic Basic",
              "name": "Luke Skywalker",
              "population": "200000",
              "species": "Human",
            },
          },
          "ref": null,
          "rendered": null,
          "type": [Function],
        },
      ],
      "type": "div",
    },
  ],
  Symbol(enzyme.__options__): Object {
    "adapter": ReactSixteenAdapter {
      "options": Object {
        "enableComponentDidUpdateOnSetState": true,
        "legacyContextMode": "parent",
        "lifecycles": Object {
          "componentDidUpdate": Object {
            "onSetState": true,
          },
          "getChildContext": Object {
            "calledByRenderer": false,
          },
          "getDerivedStateFromProps": true,
          "getSnapshotBeforeUpdate": true,
          "setState": Object {
            "skipsComponentDidUpdateOnNullish": true,
          },
        },
      },
    },
  },
}
`;
